data Pair (a :: *) (b :: *)
  = Pair a b

data EntryPoints (a :: *) (b :: *) (c :: *) (d :: *) (e :: *) (f :: *)
  = EntryPoints a b c d e f

-----------------------------------------
-- not recursive
k62 :: forall (a :: *). {} [a] ->> [Word]
k62{} t0 = loop(())

-----------------------------------------
-- not recursive
s9 :: forall (a :: *). [a] ->> [Word]
s9 <-
  k62{}

-----------------------------------------
-- not recursive
k49 :: forall (a :: *). {} [Word] ->> [[a] ->> [Word]]
k49{} t0 = return s9

-----------------------------------------
-- not recursive
s10 :: forall (a :: *). [Word] ->> [[a] ->> [Word]]
s10 <-
  k49{}

-----------------------------------------
-- not recursive
k50 :: forall (a :: *). {} [Word] ->> [[Word] ->> [[a] ->> [Word]]]
k50{} t0 = return s10

-----------------------------------------
-- not recursive
entrypoint m :: forall (a :: *). [Word] ->> [[Word] ->> [[a] ->> [Word]]]
m <-
  k50{}

-----------------------------------------
-- not recursive
k68 :: forall (a :: *). {} [Word] ->> [a]
k68{} t0 = loop(())

-----------------------------------------
-- not recursive
s6 :: forall (a :: *). [Word] ->> [a]
s6 <-
  k68{}

-----------------------------------------
-- not recursive
k51 :: forall (a :: *) (b :: *). {} [a] ->> [[Word] ->> [b]]
k51{} t0 = return s6

-----------------------------------------
-- not recursive
s7 :: forall (a :: *) (b :: *). [a] ->> [[Word] ->> [b]]
s7 <-
  k51{}

-----------------------------------------
-- not recursive
k52 :: forall (a :: *) (b :: *). {} [Word] ->> [[a] ->> [[Word] ->> [b]]]
k52{} t0 = return s7

-----------------------------------------
-- not recursive
s8 :: forall (a :: *) (b :: *). [Word] ->> [[a] ->> [[Word] ->> [b]]]
s8 <-
  k52{}

-----------------------------------------
-- not recursive
k53 :: forall (a :: *) (b :: *). {} [a] ->> [[Word] ->> [[b] ->> [[Word] ->> [a]]]]
k53{} t0 = return s8

-----------------------------------------
-- not recursive
entrypoint l :: forall (a :: *) (b :: *). [a] ->> [[Word] ->> [[b] ->> [[Word] ->> [a]]]]
l <-
  k53{}

-----------------------------------------
-- not recursive
entrypoint k :: forall (a :: *) (b :: *). [a] ->> [[Word] ->> [[b] ->> [[Word] ->> [a]]]]
k <-
  k53{}

-----------------------------------------
-- not recursive
k117 :: forall (a :: *) (b :: tuple). {} [a] ->> b
k117{} t0 = loop(())

-----------------------------------------
-- not recursive
s16 :: forall (a :: *) (b :: tuple). [a] ->> b
s16 <-
  k117{}

-----------------------------------------
-- not recursive
s19 :: forall (a :: *) (b :: tuple) (c :: *) (d :: tuple). Pair ([a] ->> b) ([c] ->> d)
s19 <-
  Pair(s16, s16)

-----------------------------------------
-- not recursive
k58 :: {} [Word] ->> [Pair ([Word] ->> [Word]) ([Word] ->> [Word])]
k58{} t0 = return s19

-----------------------------------------
-- not recursive
entrypoint j :: [Word] ->> [Pair ([Word] ->> [Word]) ([Word] ->> [Word])]
j <-
  k58{}

-----------------------------------------
-- not recursive
entrypoint h :: [Word] ->> [Pair ([Word] ->> [Word]) ([Word] ->> [Word])]
h <-
  k58{}

-----------------------------------------
-- not recursive
k61 :: {} [Word] ->> [Word]
k61{} t0 = mul((t0, 2))

-----------------------------------------
-- not recursive
entrypoint f :: [Word] ->> [Word]
f <-
  k61{}

-----------------------------------------
-- not recursive
entrypoint main :: forall (a :: *) (b :: *) (c :: *) (d :: *) (e :: *). EntryPoints ([Word] ->> [Word]) ([Word] ->> [Pair ([Word] ->> [Word]) ([Word] ->> [Word])]) ([Word] ->> [Pair ([Word] ->> [Word]) ([Word] ->> [Word])]) ([a] ->> [[Word] ->> [[b] ->> [[Word] ->> [a]]]]) ([c] ->> [[Word] ->> [[d] ->> [[Word] ->> [c]]]]) ([Word] ->> [[Word] ->> [[e] ->> [Word]]])
main <-
  EntryPoints(f, h, j, k, l, m)

-----------------------------------------
-- Entrypoints: main m l k j h f
