-----------------------------------------
-- not recursive
entrypoint b2 :: forall (a :: *). [a, Word] >>= [Word]
b2[t0, t1] =
  shl((t1, 2))

-----------------------------------------
-- not recursive
entrypoint b1 :: forall (a :: *). [a, Word] >>= [Word]
b1[t0, t1] =
  t2 <- shl((t1, 2))
  and((t2, -1024))

-----------------------------------------
-- not recursive
entrypoint b0 :: [Word] >>= [Word]
b0[t0] =
  shl((t0, 12))

-----------------------------------------
-- not recursive
entrypoint rnotenough :: [Word] >>= [Word]
rnotenough[t0] =
  t1 <- lshr((t0, 20))
  and((t1, 255))

-----------------------------------------
-- not recursive
entrypoint renough :: [Word] >>= [Word]
renough[t0] =
  lshr((t0, 20))

-----------------------------------------
-- not recursive
entrypoint rmore :: [Word] >>= [Word]
rmore[t0] =
  lshr((t0, 20))

-----------------------------------------
-- not recursive
entrypoint lnotenough :: [Word] >>= [Word]
lnotenough[t0] =
  t1 <- shl((t0, 12))
  and((t1, -65536))

-----------------------------------------
-- not recursive
entrypoint lenough :: [Word] >>= [Word]
lenough[t0] =
  shl((t0, 12))

-----------------------------------------
-- not recursive
entrypoint lmore :: [Word] >>= [Word]
lmore[t0] =
  shl((t0, 12))

-----------------------------------------
-- Entrypoints: b2 b1 b0 rnotenough renough rmore lnotenough lenough lmore
