data Dup0
  = Dup0 Word Word

data Dup1
  = Dup1 Word Word

data Dup2
  = Dup2 Word Word

-----------------------------------------
-- not recursive
entrypoint swap7 :: [Dup0] >>= [Dup0]
swap7[t0] =
  t1 <- Dup0 0 t0
  t2 <- Dup0 1 t0
  Dup0(t2, t1)

-----------------------------------------
-- not recursive
entrypoint swap8 :: [Dup1] >>= [Dup1]
swap8[t0] =
  t1 <- Dup1 0 t0
  t2 <- Dup1 1 t0
  Dup1(t2, t1)

-----------------------------------------
-- not recursive
entrypoint d1 :: Dup2
d1 <-
  Dup2(1, 6)

-----------------------------------------
-- Entrypoints: swap7 swap8 d1
