-----------------------------------------
-- not recursive
entrypoint sel1 :: [Word, Word] >>= [Word]
sel1[t0, t1] =
  t2 <- lshr((t0, 31))
  t3 <- shl((t1, 1))
  t4 <- or((t2, t3))
  and((t4, 2147483647))

-----------------------------------------
-- not recursive
entrypoint sel2 :: [Word, Word] >>= [Word]
sel2[t0, t1] =
  and((t1, 2147483647))

-----------------------------------------
-- not recursive
entrypoint up1 :: [Word, Word, Word] >>= [Word, Word]
up1[t0, t1, t2] =
  t3 <- and((t1, 1073741824))
  t4 <- and((t0, 2147483647))
  t5 <- lshr((t2, 1))
  t6 <- or((t3, t5))
  t7 <- shl((t2, 31))
  t8 <- or((t4, t7))
  return [t8, t6]

-----------------------------------------
-- not recursive
entrypoint up2 :: [Word, Word, Word] >>= [Word, Word]
up2[t0, t1, t2] =
  t3 <- and((t1, -2147483648))
  t4 <- or((t3, t2))
  return [t0, t4]

-----------------------------------------
-- not recursive
entrypoint aupdX :: [Word, Word] >>= [Word]
aupdX[t0, t1] =
  t2 <- and((t0, 511))
  t3 <- shl((t1, 9))
  or((t2, t3))

-----------------------------------------
-- not recursive
entrypoint aupdY :: [Word, Word] >>= [Word]
aupdY[t0, t1] =
  t2 <- and((t0, 3615))
  t3 <- shl((t1, 5))
  or((t2, t3))

-----------------------------------------
-- not recursive
entrypoint aupdZ :: [Word, Word] >>= [Word]
aupdZ[t0, t1] =
  t2 <- and((t0, 4064))
  or((t2, t1))

-----------------------------------------
-- not recursive
entrypoint bupdX :: [Word, Word, Word] >>= [Word, Word]
bupdX[t0, t1, t2] =
  t3 <- and((t1, 131071))
  t4 <- shl((t2, 17))
  t5 <- or((t3, t4))
  return [t0, t5]

-----------------------------------------
-- not recursive
entrypoint bupdY :: [Word, Word, Word] >>= [Word, Word]
bupdY[t0, t1, t2] =
  t3 <- and((t1, 925695))
  t4 <- shl((t2, 13))
  t5 <- or((t3, t4))
  return [t0, t5]

-----------------------------------------
-- not recursive
entrypoint bupdZ :: [Word, Word, Word] >>= [Word, Word]
bupdZ[t0, t1, t2] =
  t3 <- and((t1, 1040639))
  t4 <- shl((t2, 8))
  t5 <- or((t3, t4))
  return [t0, t5]

-----------------------------------------
-- Entrypoints: sel1 sel2 up1 up2 aupdX aupdY aupdZ bupdX bupdY bupdZ
