data Pair0
  = Pair0 ([Word] ->> [Word]) ([Word] ->> [Word])

-----------------------------------------
-- not recursive
b74 :: [Word] >>= [Word]
b74[t0] =
  return t0

-----------------------------------------
-- recursive
b68 :: [Word, Word] >>= [Word]
b68[t0, t1] =
  t2 <- b92[t1, t0]
  add((t0, t2))
b92 :: [Word, Word] >>= [Word]
b92[t0, t1] =
  t2 <- primEq((t0, 0))
  if t2
    then b74[t1]
    else b75[t1, t0]
b75 :: [Word, Word] >>= [Word]
b75[t0, t1] =
  t2 <- b96[t1, t0]
  add((t0, t2))
b96 :: [Word, Word] >>= [Word]
b96[t0, t1] =
  t2 <- primEq((t0, 0))
  if t2
    then b74[t0]
    else b68[t1, t0]

-----------------------------------------
-- not recursive
k44 :: {Word} [Word] ->> [Word]
k44{t0} t1 = b96[t1, t0]

-----------------------------------------
-- not recursive
k46 :: {Word} [Word] ->> [Word]
k46{t0} t1 = b92[t1, t0]

-----------------------------------------
-- not recursive
entrypoint main :: [Word] >>= [Pair0]
main[t0] =
  t1 <- k44{t0}
  t2 <- k46{t0}
  Pair0(t2, t1)

-----------------------------------------
-- Entrypoints: main
