-----------------------------------------
-- not recursive
entrypoint main :: [Word] >>= [Word]
main[t0] =
  t1 <- add((t0, 3))
  mul((t1, t1))

-----------------------------------------
-- not recursive
b69 :: [] >>= [Word]
b69[] =
  return 0

-----------------------------------------
-- recursive
b70 :: [Word] >>= [Word]
b70[t0] =
  t1 <- add((t0, -1))
  t2 <- primEq((t1, 0))
  if t2
    then b69[]
    else b70[t1]

-----------------------------------------
-- not recursive
entrypoint main1 :: [Word] >>= [Word]
main1[t0] =
  t1 <- primEq((t0, 0))
  if t1
    then b69[]
    else b70[t0]

-----------------------------------------
-- Entrypoints: main main1
