-----------------------------------------
-- not recursive
b68 :: [Word] >>= [Word]
b68[t0] =
  return t0

-----------------------------------------
-- recursive
b69 :: [Word, Word] >>= [Word]
b69[t0, t1] =
  t2 <- add((t0, t1))
  t3 <- add((t1, -1))
  t4 <- primEq((t3, 0))
  if t4
    then b68[t2]
    else b69[t2, t3]

-----------------------------------------
-- not recursive
b108 :: [] >>= [Word]
b108[] =
  return 0

-----------------------------------------
-- not recursive
entrypoint main :: [Word] >>= [Word]
main[t0] =
  t1 <- primEq((t0, 0))
  if t1
    then b108[]
    else b69[0, t0]

-----------------------------------------
-- Entrypoints: main
