-----------------------------------------
-- not recursive
entrypoint v :: Word
v <-
  return 42

-----------------------------------------
-- Entrypoints: v
