-----------------------------------------
-- not recursive
entrypoint msg :: Ref String
msg <- "hello"

-----------------------------------------
-- Entrypoints: msg
