-----------------------------------------
-- not recursive
b3 :: forall (a :: *). [a] >>= [a]
b3[t0] =
  return t0

-----------------------------------------
-- not recursive
k2 :: forall (a :: *). {} [a] ->> [a]
k2{} t0 = b3[t0]

-----------------------------------------
-- not recursive
b4 :: forall (a :: *). [] >>= [[a] ->> [a]]
b4[] =
  t0 <- k2{}
  return t0

-----------------------------------------
-- not recursive
entrypoint id :: forall (a :: *). [a] ->> [a]
id <-
  b4[]

-----------------------------------------
-- Entrypoints: id
