data -> (a :: *) (b :: *)
  = Func ([a] ->> [b])

-----------------------------------------
-- not recursive
k2 :: forall (a :: *). {} [a] ->> [a]
k2{} t0 = return t0

-----------------------------------------
-- not recursive
s1 :: forall (a :: *). [a] ->> [a]
s1 <-
  k2{}

-----------------------------------------
-- not recursive
entrypoint id :: forall (a :: *). a -> a
id <-
  Func(s1)

-----------------------------------------
-- Entrypoints: id
