-----------------------------------------
-- not recursive
k2 :: forall (a :: *). {} [a] ->> [a]
k2{} t0 = return t0

-----------------------------------------
-- not recursive
entrypoint id :: forall (a :: *). [a] ->> [a]
id <-
  k2{}

-----------------------------------------
-- Entrypoints: id
