data Unit
  = Unit

-----------------------------------------
-- not recursive
entrypoint main :: [] >>= [Unit]
main[] =
  putChar((1))

-----------------------------------------
-- Entrypoints: main
