-----------------------------------------
-- not recursive
entrypoint nonZero2 :: [Word] >>= [Word]
nonZero2[t0] =
  return t0

-----------------------------------------
-- not recursive
entrypoint nonZero4 :: [Word] >>= [Word]
nonZero4[t0] =
  return t0

-----------------------------------------
-- not recursive
entrypoint nonZero15 :: [Word] >>= [Word]
nonZero15[t0] =
  return t0

-----------------------------------------
-- not recursive
entrypoint nonZero32 :: [Word] >>= [Word]
nonZero32[t0] =
  return t0

-----------------------------------------
-- not recursive
entrypoint nonZero33 :: [Word] >>= [Word]
nonZero33[t0] =
  return t0

-----------------------------------------
-- not recursive
entrypoint nonZero48 :: [Word] >>= [Word]
nonZero48[t0] =
  return t0

-----------------------------------------
-- not recursive
entrypoint nothing4 :: Word
nothing4 <-
  return 0

-----------------------------------------
-- not recursive
entrypoint just12 :: [Word] >>= [Word]
just12[t0] =
  return t0

-----------------------------------------
-- Entrypoints: nonZero2 nonZero4 nonZero15 nonZero32 nonZero33 nonZero48 nothing4 just12
