data Maybe1
  = Nothing2
  | Just3 Word

data Maybe0
  = Nothing0
  | Just1 Word

data Maybe2
  = Nothing4
  | Just5 Word

-----------------------------------------
-- not recursive
b8 :: forall (a :: *). [a] >>= [a]
b8[t0] =
  return t0

-----------------------------------------
-- not recursive
b7 :: forall (a :: *) (b :: tuple). [[a] ->> b, a] >>= b
b7[t0, t1] =
  t0 @ t1

-----------------------------------------
-- not recursive
entrypoint genMaybeIxM1 :: [Maybe0, [Word] ->> [Maybe0], Word] >>= [Maybe0]
genMaybeIxM1[t0, t1, t2] =
  t3 <- primUle((t2, 0))
  if t3
    then b7[t1, t2]
    else b8[t0]

-----------------------------------------
-- not recursive
entrypoint genMaybeIxM7 :: [Maybe1, [Word] ->> [Maybe1], Word] >>= [Maybe1]
genMaybeIxM7[t0, t1, t2] =
  t3 <- primUle((t2, 6))
  if t3
    then b7[t1, t2]
    else b8[t0]

-----------------------------------------
-- not recursive
entrypoint genMaybeIxM64 :: [Maybe2, [Word] ->> [Maybe2], Word] >>= [Maybe2]
genMaybeIxM64[t0, t1, t2] =
  t3 <- primUle((t2, 63))
  if t3
    then b7[t1, t2]
    else b8[t0]

-----------------------------------------
-- not recursive
Nothing :: Maybe0
Nothing <-
  Nothing0()

-----------------------------------------
-- not recursive
b29 :: [] >>= [Maybe0]
b29[] =
  return Nothing

-----------------------------------------
-- not recursive
b28 :: [Word] >>= [Maybe0]
b28[t0] =
  Just1(t0)

-----------------------------------------
-- not recursive
entrypoint maybeIx1 :: [Word] >>= [Maybe0]
maybeIx1[t0] =
  t1 <- primUle((t0, 0))
  if t1
    then b28[t0]
    else b29[]

-----------------------------------------
-- not recursive
s1 :: Maybe1
s1 <-
  Nothing2()

-----------------------------------------
-- not recursive
b31 :: [] >>= [Maybe1]
b31[] =
  return s1

-----------------------------------------
-- not recursive
b30 :: [Word] >>= [Maybe1]
b30[t0] =
  Just3(t0)

-----------------------------------------
-- not recursive
entrypoint maybeIx7 :: [Word] >>= [Maybe1]
maybeIx7[t0] =
  t1 <- primUle((t0, 6))
  if t1
    then b30[t0]
    else b31[]

-----------------------------------------
-- not recursive
s3 :: Maybe2
s3 <-
  Nothing4()

-----------------------------------------
-- not recursive
b33 :: [] >>= [Maybe2]
b33[] =
  return s3

-----------------------------------------
-- not recursive
b32 :: [Word] >>= [Maybe2]
b32[t0] =
  Just5(t0)

-----------------------------------------
-- not recursive
entrypoint maybeIx64 :: [Word] >>= [Maybe2]
maybeIx64[t0] =
  t1 <- primUle((t0, 63))
  if t1
    then b32[t0]
    else b33[]

-----------------------------------------
-- Entrypoints: genMaybeIxM1 genMaybeIxM7 genMaybeIxM64 maybeIx1 maybeIx7 maybeIx64
